2026-10-04 10:54:07,735 [INFO] ==================================================
2026-10-04 10:54:07,735 [INFO] ShadowFox Web Scraper starting
2026-10-04 10:54:07,735 [INFO] ==================================================
2026-10-04 10:54:07,735 [INFO] Fetching https://shadowfox.in/practice (attempt 1/3)
2026-10-04 10:54:08,446 [WARNING] Connection error on attempt 1
2026-10-04 10:54:10,446 [INFO] Fetching https://shadowfox.in/practice (attempt 2/3)
2026-10-04 10:54:11,106 [WARNING] Connection error on attempt 2
2026-10-04 10:54:13,106 [INFO] Fetching https://shadowfox.in/practice (attempt 3/3)
2026-10-04 10:54:13,756 [WARNING] Connection error on attempt 3
2026-10-04 10:54:13,756 [ERROR] Failed to fetch https://shadowfox.in/practice after 3 attempts.
2026-10-04 10:54:13,757 [ERROR] Aborting — could not retrieve the page.
2026-10-04 10:54:59,856 [INFO] ==================================================
2026-10-04 10:54:59,857 [INFO] ShadowFox Web Scraper starting
2026-10-04 10:54:59,857 [INFO] ==================================================
2026-10-04 10:54:59,858 [INFO] Fetching https://www.shadowfox.in/ (attempt 1/3)
2026-10-04 10:55:00,007 [INFO] Extracted 0 items.
2026-10-04 10:55:00,007 [WARNING] No items were extracted. Check your CSS selectors.
2026-10-04 10:55:05,884 [INFO] ==================================================
2026-10-04 10:55:05,884 [INFO] ShadowFox Web Scraper starting
2026-10-04 10:55:05,885 [INFO] ==================================================
2026-10-04 10:55:05,885 [INFO] Fetching https://www.shadowfox.in/ (attempt 1/3)
2026-10-04 10:55:05,991 [INFO] Extracted 0 items.
2026-10-04 10:55:05,991 [WARNING] No items were extracted. Check your CSS selectors.
2026-10-04 10:55:17,021 [INFO] ==================================================
2026-10-04 10:55:17,022 [INFO] ShadowFox Web Scraper starting
2026-10-04 10:55:17,022 [INFO] ==================================================
2026-10-04 10:55:17,023 [INFO] Fetching https://www.shadowfox.in/ (attempt 1/3)
2026-10-04 10:55:17,201 [INFO] Extracted 0 items.
2026-10-04 10:55:17,201 [WARNING] No items were extracted. Check your CSS selectors.
2026-10-04 10:55:33,906 [INFO] ==================================================
2026-10-04 10:55:33,907 [INFO] ShadowFox Web Scraper starting
2026-10-04 10:55:33,907 [INFO] ==================================================
2026-10-04 10:55:33,907 [INFO] Fetching https://www.shadowfox.in/ (attempt 1/3)
2026-10-04 10:55:34,021 [INFO] Extracted 0 items.
2026-10-04 10:55:34,022 [WARNING] No items were extracted. Check your CSS selectors.
2026-10-04 10:57:02,202 [INFO] ==================================================
2026-10-04 10:57:02,202 [INFO] ShadowFox Scraper starting
2026-10-04 10:57:02,202 [INFO] ==================================================
2026-10-04 10:57:02,202 [INFO] Fetching https://www.shadowfox.in/ (attempt 1/3)
2026-10-04 10:57:02,415 [INFO] Extracted 66 items.
2026-10-04 10:57:02,416 [INFO] Saved 66 rows to scraped_data.csv
2026-10-04 10:57:02,417 [INFO] Saved 66 items to scraped_data.json
2026-10-04 10:57:02,417 [INFO] Done. 66 items scraped.
2026-10-04 11:11:49,211 [INFO] ==================================================
2026-10-04 11:11:49,211 [INFO] ShadowFox Scraper starting
2026-10-04 11:11:49,212 [INFO] ==================================================
2026-10-04 11:11:49,212 [INFO] Fetching https://www.shadowfox.in/ (attempt 1/3)
2026-10-04 11:11:49,351 [INFO] Extracted 66 items.
2026-10-04 11:11:49,352 [INFO] Saved 66 rows to scraped_data.csv
2026-10-04 11:11:49,354 [INFO] Saved 66 items to scraped_data.json
2026-10-04 11:11:49,354 [INFO] Done. 66 items scraped.
